../Core/Src/Useful.h:11:7:BoolToString	16	static
../Core/Src/Useful.h:14:7:OneOverSqrt	32	static
../Core/Src/Useful.h:34:5:Max	16	static
../Core/Src/Useful.h:39:5:Min	16	static
../Core/Src/Useful.h:44:5:Abs	16	static
../Core/Src/Useful.h:49:5:Maxf	16	static
../Core/Src/Useful.h:54:5:Minf	16	static
../Core/Src/Useful.h:59:5:Absf	16	static
../Core/Src/Useful.h:64:6:ArrContain	32	static
../Core/Src/Useful.h:74:6:ShowArr	24	static
../Core/Src/Useful.h:85:6:WriteArray	56	static
../Core/Src/Useful.h:104:6:WriteFloatArray	64	static
../Core/Src/Useful.h:123:5:RandInt	16	static
../Core/Src/Useful.h:128:7:RandFloat	16	static
../Core/Src/Useful.h:133:6:SetRandomSeed	8	static
../Core/Src/Useful.h:138:5:PGCD	24	static
../Core/Src/Useful.h:150:5:Pow	24	static
../Core/Src/Useful.h:160:6:InverseArr	24	static
../Core/Src/Useful.h:170:6:Switch	32	static
../Core/Src/Useful.h:177:6:QuickSort	40	static
../Core/Src/Useful.h:204:6:Sort	24	static
../Core/Src/Useful.h:228:7:ListInit	16	static
../Core/Src/Useful.h:238:7:NewItem	24	static
../Core/Src/Useful.h:246:6:ListIndexExist	16	static
../Core/Src/Useful.h:251:6:ListContain	24	static
../Core/Src/Useful.h:263:6:ListContains	32	static
../Core/Src/Useful.h:273:6:ListAdd	24	static
../Core/Src/Useful.h:297:6:ListAdds	32	static
../Core/Src/Useful.h:307:6:ListAddBegining	24	static
../Core/Src/Useful.h:322:6:ListAddsBegining	32	static
../Core/Src/Useful.h:330:6:ListInsert	40	static
../Core/Src/Useful.h:351:6:RemoveItem	16	static
../Core/Src/Useful.h:356:6:ListRemoveBeg	24	static
../Core/Src/Useful.h:366:6:ListRemoveEnd	24	static
../Core/Src/Useful.h:388:6:ListRemoveAt	32	static
../Core/Src/Useful.h:414:6:ListShow	24	static
../Core/Src/Useful.h:436:6:ListToArray	32	static
../Core/Src/Useful.h:450:6:ListWrite	16	static
../Core/Src/Useful.h:455:6:ListRemove	16	static
../Core/Src/Useful.h:464:5:ListGetValue	24	static
../Core/Src/Useful.h:491:7:GetItemOf	24	static
../Core/Src/Useful.h:509:5:ListGetIndexOf	24	static
../Core/Src/Useful.h:523:5:VerifyLength	24	static
../Core/Src/Useful.h:538:6:ListSwitch	72	static
../Core/Src/Useful.h:588:6:ListIsEmpty	16	static
../Core/Src/main.c:65:6:digicode_read	16	static
../Core/Src/main.c:138:6:get_digicode_key	8	static
../Core/Src/main.c:156:6:WriteLog	24	static
../Core/Src/main.c:172:5:main	40	static
../Core/Src/main.c:293:6:SystemClock_Config	88	static
../Core/Src/main.c:341:13:MX_USART2_UART_Init	8	static
../Core/Src/main.c:374:13:MX_GPIO_Init	48	static
../Core/Src/main.c:442:6:Error_Handler	4	static,ignoring_inline_asm
